yarn run v1.22.19
$ npm run compile && npx hardhat test test/__setup.spec.ts test/trade-funding-fee-epoch.spec.ts -

> myx@1.0.0 compile
> SKIP_LOAD=true npx hardhat compile

Nothing to compile
No need to generate any newer typings.
 ·------------------------|--------------------------------|--------------------------------·
 |  Solc version: 0.8.20  ·  Optimizer enabled: true       ·  Runs: 200                     │
 ·························|································|·································
 |  Contract Name         ·  Deployed size (KiB) (change)  ·  Initcode size (KiB) (change)  │
 ·························|································|·································
 |  Address               ·                 0.056 (0.000)  ·                 0.083 (0.000)  │
 ·························|································|·································
 |  AddressesProvider     ·                 2.266 (0.000)  ·                 2.450 (0.000)  │
 ·························|································|·································
 |  AMMUtils              ·                 0.056 (0.000)  ·                 0.083 (0.000)  │
 ·························|································|·································
 |  AmountMath            ·                 0.121 (0.000)  ·                 0.149 (0.000)  │
 ·························|································|·································
 |  Convertor             ·                 4.065 (0.000)  ·                 4.304 (0.000)  │
 ·························|································|·································
 |  EnumerableSet         ·                 0.056 (0.000)  ·                 0.083 (0.000)  │
 ·························|································|·································
 |  ERC20                 ·                 2.153 (0.000)  ·                 3.060 (0.000)  │
 ·························|································|·································
 |  ERC20Faucet           ·                 3.349 (0.000)  ·                 4.266 (0.000)  │
 ·························|································|·································
 |  Errors                ·                 0.351 (0.000)  ·                 0.381 (0.000)  │
 ·························|································|·································
 |  Executor              ·                23.468 (0.000)  ·                24.256 (0.000)  │
 ·························|································|·································
 |  FeeCollector          ·                 0.567 (0.000)  ·                 0.768 (0.000)  │
 ·························|································|·································
 |  FeeDistributor        ·                 3.588 (0.000)  ·                 3.786 (0.000)  │
 ·························|································|·································
 |  FundingRate           ·                 1.482 (0.000)  ·                 1.639 (0.000)  │
 ·························|································|·································
 |  IndexPriceFeed        ·                 3.929 (0.000)  ·                 4.066 (0.000)  │
 ·························|································|·································
 |  Int256Utils           ·                 0.056 (0.000)  ·                 0.083 (0.000)  │
 ·························|································|·································
 |  LiquidationLogic      ·                 3.768 (0.000)  ·                 3.800 (0.000)  │
 ·························|································|·································
 |  LPStakingPool         ·                 3.808 (0.000)  ·                 4.006 (0.000)  │
 ·························|································|·································
 |  Math                  ·                 0.056 (0.000)  ·                 0.083 (0.000)  │
 ·························|································|·································
 |  MerkleProof           ·                 0.056 (0.000)  ·                 0.083 (0.000)  │
 ·························|································|·································
 |  MockPriceFeed         ·                 1.246 (0.000)  ·                 1.491 (0.000)  │
 ·························|································|·································
 |  MYX                   ·                 2.610 (0.000)  ·                 3.355 (0.000)  │
 ·························|································|·································
 |  OraclePriceFeed       ·                 2.683 (0.000)  ·                 2.820 (0.000)  │
 ·························|································|·································
 |  OrderManager          ·                16.047 (0.000)  ·                16.383 (0.000)  │
 ·························|································|·································
 |  Pool                  ·                16.221 (0.000)  ·                16.513 (0.000)  │
 ·························|································|·································
 |  PoolToken             ·                 3.569 (0.000)  ·                 4.769 (0.000)  │
 ·························|································|·································
 |  PoolTokenFactory      ·                 5.907 (0.000)  ·                 6.042 (0.000)  │
 ·························|································|·································
 |  Position              ·                 0.056 (0.000)  ·                 0.083 (0.000)  │
 ·························|································|·································
 |  PositionKey           ·                 0.056 (0.000)  ·                 0.083 (0.000)  │
 ·························|································|·································
 |  PositionManager       ·                20.906 (0.000)  ·                21.713 (0.000)  │
 ·························|································|·································
 |  PrecisionUtils        ·                 0.163 (0.000)  ·                 0.192 (0.000)  │
 ·························|································|·································
 |  RaMYX                 ·                 3.865 (0.000)  ·                 4.676 (0.000)  │
 ·························|································|·································
 |  RewardDistributor     ·                 3.769 (0.000)  ·                 3.967 (0.000)  │
 ·························|································|·································
 |  RoleManager           ·                 4.799 (0.000)  ·                 4.956 (0.000)  │
 ·························|································|·································
 |  Router                ·                10.735 (0.000)  ·                11.110 (0.000)  │
 ·························|································|·································
 |  SafeERC20             ·                 0.056 (0.000)  ·                 0.083 (0.000)  │
 ·························|································|·································
 |  SafeMath              ·                 0.056 (0.000)  ·                 0.083 (0.000)  │
 ·························|································|·································
 |  SignedMath            ·                 0.056 (0.000)  ·                 0.083 (0.000)  │
 ·························|································|·································
 |  StakingPool           ·                 5.180 (0.000)  ·                 5.716 (0.000)  │
 ·························|································|·································
 |  StMYX                 ·                 3.865 (0.000)  ·                 4.679 (0.000)  │
 ·························|································|·································
 |  Strings               ·                 0.056 (0.000)  ·                 0.083 (0.000)  │
 ·························|································|·································
 |  TestCallBack          ·                 2.623 (0.000)  ·                 2.649 (0.000)  │
 ·························|································|·································
 |  TestGas               ·                 1.240 (0.000)  ·                 1.284 (0.000)  │
 ·························|································|·································
 |  TestMulticall         ·                 1.373 (0.000)  ·                 1.399 (0.000)  │
 ·························|································|·································
 |  TestOwnableToken      ·                 2.843 (0.000)  ·                 3.830 (0.000)  │
 ·························|································|·································
 |  Timelock              ·                 3.011 (0.000)  ·                 3.317 (0.000)  │
 ·························|································|·································
 |  Token                 ·                 3.235 (0.000)  ·                 4.083 (0.000)  │
 ·························|································|·································
 |  TradingHelper         ·                 0.056 (0.000)  ·                 0.083 (0.000)  │
 ·························|································|·································
 |  TradingTypes          ·                 0.056 (0.000)  ·                 0.083 (0.000)  │
 ·························|································|·································
 |  ValidationHelper      ·                 0.056 (0.000)  ·                 0.083 (0.000)  │
 ·························|································|·································
 |  Vester                ·                 3.189 (0.000)  ·                 4.067 (0.000)  │
 ·························|································|·································
 |  WETH                  ·                 2.472 (0.000)  ·                 3.390 (0.000)  │
 ·------------------------|--------------------------------|--------------------------------·
 ·------------------------|--------------------------------|--------------------------------·
 |  Solc version: 0.8.20  ·  Optimizer enabled: true       ·  Runs: 200                     │
 ·························|································|·································
 |  Contract Name         ·  Deployed size (KiB) (change)  ·  Initcode size (KiB) (change)  │
 ·························|································|·································
 |  Address               ·                 0.056 (0.000)  ·                 0.083 (0.000)  │
 ·························|································|·································
 |  AddressesProvider     ·                 2.266 (0.000)  ·                 2.450 (0.000)  │
 ·························|································|·································
 |  AMMUtils              ·                 0.056 (0.000)  ·                 0.083 (0.000)  │
 ·························|································|·································
 |  AmountMath            ·                 0.121 (0.000)  ·                 0.149 (0.000)  │
 ·························|································|·································
 |  Convertor             ·                 4.065 (0.000)  ·                 4.304 (0.000)  │
 ·························|································|·································
 |  EnumerableSet         ·                 0.056 (0.000)  ·                 0.083 (0.000)  │
 ·························|································|·································
 |  ERC20                 ·                 2.153 (0.000)  ·                 3.060 (0.000)  │
 ·························|································|·································
 |  ERC20Faucet           ·                 3.349 (0.000)  ·                 4.266 (0.000)  │
 ·························|································|·································
 |  Errors                ·                 0.351 (0.000)  ·                 0.381 (0.000)  │
 ·························|································|·································
 |  Executor              ·                23.468 (0.000)  ·                24.256 (0.000)  │
 ·························|································|·································
 |  FeeCollector          ·                 0.567 (0.000)  ·                 0.768 (0.000)  │
 ·························|································|·································
 |  FeeDistributor        ·                 3.588 (0.000)  ·                 3.786 (0.000)  │
 ·························|································|·································
 |  FundingRate           ·                 1.482 (0.000)  ·                 1.639 (0.000)  │
 ·························|································|·································
 |  IndexPriceFeed        ·                 3.929 (0.000)  ·                 4.066 (0.000)  │
 ·························|································|·································
 |  Int256Utils           ·                 0.056 (0.000)  ·                 0.083 (0.000)  │
 ·························|································|·································
 |  LiquidationLogic      ·                 3.768 (0.000)  ·                 3.800 (0.000)  │
 ·························|································|·································
 |  LPStakingPool         ·                 3.808 (0.000)  ·                 4.006 (0.000)  │
 ·························|································|·································
 |  Math                  ·                 0.056 (0.000)  ·                 0.083 (0.000)  │
 ·························|································|·································
 |  MerkleProof           ·                 0.056 (0.000)  ·                 0.083 (0.000)  │
 ·························|································|·································
 |  MockPriceFeed         ·                 1.246 (0.000)  ·                 1.491 (0.000)  │
 ·························|································|·································
 |  MYX                   ·                 2.610 (0.000)  ·                 3.355 (0.000)  │
 ·························|································|·································
 |  OraclePriceFeed       ·                 2.683 (0.000)  ·                 2.820 (0.000)  │
 ·························|································|·································
 |  OrderManager          ·                16.047 (0.000)  ·                16.383 (0.000)  │
 ·························|································|·································
 |  Pool                  ·                16.221 (0.000)  ·                16.513 (0.000)  │
 ·························|································|·································
 |  PoolToken             ·                 3.569 (0.000)  ·                 4.769 (0.000)  │
 ·························|································|·································
 |  PoolTokenFactory      ·                 5.907 (0.000)  ·                 6.042 (0.000)  │
 ·························|································|·································
 |  Position              ·                 0.056 (0.000)  ·                 0.083 (0.000)  │
 ·························|································|·································
 |  PositionKey           ·                 0.056 (0.000)  ·                 0.083 (0.000)  │
 ·························|································|·································
 |  PositionManager       ·                20.906 (0.000)  ·                21.713 (0.000)  │
 ·························|································|·································
 |  PrecisionUtils        ·                 0.163 (0.000)  ·                 0.192 (0.000)  │
 ·························|································|·································
 |  RaMYX                 ·                 3.865 (0.000)  ·                 4.676 (0.000)  │
 ·························|································|·································
 |  RewardDistributor     ·                 3.769 (0.000)  ·                 3.967 (0.000)  │
 ·························|································|·································
 |  RoleManager           ·                 4.799 (0.000)  ·                 4.956 (0.000)  │
 ·························|································|·································
 |  Router                ·                10.735 (0.000)  ·                11.110 (0.000)  │
 ·························|································|·································
 |  SafeERC20             ·                 0.056 (0.000)  ·                 0.083 (0.000)  │
 ·························|································|·································
 |  SafeMath              ·                 0.056 (0.000)  ·                 0.083 (0.000)  │
 ·························|································|·································
 |  SignedMath            ·                 0.056 (0.000)  ·                 0.083 (0.000)  │
 ·························|································|·································
 |  StakingPool           ·                 5.180 (0.000)  ·                 5.716 (0.000)  │
 ·························|································|·································
 |  StMYX                 ·                 3.865 (0.000)  ·                 4.679 (0.000)  │
 ·························|································|·································
 |  Strings               ·                 0.056 (0.000)  ·                 0.083 (0.000)  │
 ·························|································|·································
 |  TestCallBack          ·                 2.623 (0.000)  ·                 2.649 (0.000)  │
 ·························|································|·································
 |  TestGas               ·                 1.240 (0.000)  ·                 1.284 (0.000)  │
 ·························|································|·································
 |  TestMulticall         ·                 1.373 (0.000)  ·                 1.399 (0.000)  │
 ·························|································|·································
 |  TestOwnableToken      ·                 2.843 (0.000)  ·                 3.830 (0.000)  │
 ·························|································|·································
 |  Timelock              ·                 3.011 (0.000)  ·                 3.317 (0.000)  │
 ·························|································|·································
 |  Token                 ·                 3.235 (0.000)  ·                 4.083 (0.000)  │
 ·························|································|·································
 |  TradingHelper         ·                 0.056 (0.000)  ·                 0.083 (0.000)  │
 ·························|································|·································
 |  TradingTypes          ·                 0.056 (0.000)  ·                 0.083 (0.000)  │
 ·························|································|·································
 |  ValidationHelper      ·                 0.056 (0.000)  ·                 0.083 (0.000)  │
 ·························|································|·································
 |  Vester                ·                 3.189 (0.000)  ·                 4.067 (0.000)  │
 ·························|································|·································
 |  WETH                  ·                 2.472 (0.000)  ·                 3.390 (0.000)  │
 ·------------------------|--------------------------------|--------------------------------·

info Visit https://yarnpkg.com/en/docs/cli/run for documentation about this command.
